<svg xmlns="http://www.w3.org/2000/svg" xmlns:xlink="http://www.w3.org/1999/xlink">
<script type="text/ecmascript">
<![CDATA[/** 
 *  SVGPan library 1.2.1
 * ======================
 *
 * Given an unique existing element with id "viewport" (or when missing, the first g 
 * element), including the the library into any SVG adds the following capabilities:
 *
 *  - Mouse panning
 *  - Mouse zooming (using the wheel)
 *  - Object dragging
 *
 * You can configure the behaviour of the pan/zoom/drag with the variables
 * listed in the CONFIGURATION section of this file.
 *
 * Known issues:
 *
 *  - Zooming (while panning) on Safari has still some issues
 *
 * Releases:
 *
 * 1.2.1, Mon Jul  4 00:33:18 CEST 2011, Andrea Leofreddi
 *	- Fixed a regression with mouse wheel (now working on Firefox 5)
 *	- Working with viewBox attribute (#4)
 *	- Added "use strict;" and fixed resulting warnings (#5)
 *	- Added configuration variables, dragging is disabled by default (#3)
 *
 * 1.2, Sat Mar 20 08:42:50 GMT 2010, Zeng Xiaohui
 *	Fixed a bug with browser mouse handler interaction
 *
 * 1.1, Wed Feb  3 17:39:33 GMT 2010, Zeng Xiaohui
 *	Updated the zoom code to support the mouse wheel on Safari/Chrome
 *
 * 1.0, Andrea Leofreddi
 *	First release
 *
 * This code is licensed under the following BSD license:
 *
 * Copyright 2009-2010 Andrea Leofreddi <a.leofreddi@itcharm.com>. All rights reserved.
 * 
 * Redistribution and use in source and binary forms, with or without modification, are
 * permitted provided that the following conditions are met:
 * 
 *    1. Redistributions of source code must retain the above copyright notice, this list of
 *       conditions and the following disclaimer.
 * 
 *    2. Redistributions in binary form must reproduce the above copyright notice, this list
 *       of conditions and the following disclaimer in the documentation and/or other materials
 *       provided with the distribution.
 * 
 * THIS SOFTWARE IS PROVIDED BY Andrea Leofreddi ``AS IS'' AND ANY EXPRESS OR IMPLIED
 * WARRANTIES, INCLUDING, BUT NOT LIMITED TO, THE IMPLIED WARRANTIES OF MERCHANTABILITY AND
 * FITNESS FOR A PARTICULAR PURPOSE ARE DISCLAIMED. IN NO EVENT SHALL Andrea Leofreddi OR
 * CONTRIBUTORS BE LIABLE FOR ANY DIRECT, INDIRECT, INCIDENTAL, SPECIAL, EXEMPLARY, OR
 * CONSEQUENTIAL DAMAGES (INCLUDING, BUT NOT LIMITED TO, PROCUREMENT OF SUBSTITUTE GOODS OR
 * SERVICES; LOSS OF USE, DATA, OR PROFITS; OR BUSINESS INTERRUPTION) HOWEVER CAUSED AND ON
 * ANY THEORY OF LIABILITY, WHETHER IN CONTRACT, STRICT LIABILITY, OR TORT (INCLUDING
 * NEGLIGENCE OR OTHERWISE) ARISING IN ANY WAY OUT OF THE USE OF THIS SOFTWARE, EVEN IF
 * ADVISED OF THE POSSIBILITY OF SUCH DAMAGE.
 * 
 * The views and conclusions contained in the software and documentation are those of the
 * authors and should not be interpreted as representing official policies, either expressed
 * or implied, of Andrea Leofreddi.
 */

"use strict";

/// CONFIGURATION 
/// ====>

var enablePan = 1; // 1 or 0: enable or disable panning (default enabled)
var enableZoom = 1; // 1 or 0: enable or disable zooming (default enabled)
var enableDrag = 0; // 1 or 0: enable or disable dragging (default disabled)

/// <====
/// END OF CONFIGURATION 

var root = document.documentElement;

var state = 'none', svgRoot, stateTarget, stateOrigin, stateTf;

setupHandlers(root);

/**
 * Register handlers
 */
function setupHandlers(root){
	setAttributes(root, {
		"onmouseup" : "handleMouseUp(evt)",
		"onmousedown" : "handleMouseDown(evt)",
		"onmousemove" : "handleMouseMove(evt)",
		//"onmouseout" : "handleMouseUp(evt)", // Decomment this to stop the pan functionality when dragging out of the SVG element
	});

	if(navigator.userAgent.toLowerCase().indexOf('webkit') >= 0)
		window.addEventListener('mousewheel', handleMouseWheel, false); // Chrome/Safari
	else
		window.addEventListener('DOMMouseScroll', handleMouseWheel, false); // Others
}

/**
 * Retrieves the root element for SVG manipulation. The element is then cached into the svgRoot global variable.
 */
function getRoot(root) {
	if(typeof(svgRoot) == "undefined") {
		var g = null;

		g = root.getElementById("viewport");

		if(g == null)
			g = root.getElementsByTagName('g')[0];

		if(g == null)
			alert('Unable to obtain SVG root element');

		setCTM(g, g.getCTM());

		g.removeAttribute("viewBox");

		svgRoot = g;
	}

	return svgRoot;
}

/**
 * Instance an SVGPoint object with given event coordinates.
 */
function getEventPoint(evt) {
	var p = root.createSVGPoint();

	p.x = evt.clientX;
	p.y = evt.clientY;

	return p;
}

/**
 * Sets the current transform matrix of an element.
 */
function setCTM(element, matrix) {
	var s = "matrix(" + matrix.a + "," + matrix.b + "," + matrix.c + "," + matrix.d + "," + matrix.e + "," + matrix.f + ")";

	element.setAttribute("transform", s);
}

/**
 * Dumps a matrix to a string (useful for debug).
 */
function dumpMatrix(matrix) {
	var s = "[ " + matrix.a + ", " + matrix.c + ", " + matrix.e + "\n  " + matrix.b + ", " + matrix.d + ", " + matrix.f + "\n  0, 0, 1 ]";

	return s;
}

/**
 * Sets attributes of an element.
 */
function setAttributes(element, attributes){
	for (var i in attributes)
		element.setAttributeNS(null, i, attributes[i]);
}

/**
 * Handle mouse wheel event.
 */
function handleMouseWheel(evt) {
	if(!enableZoom)
		return;

	if(evt.preventDefault)
		evt.preventDefault();

	evt.returnValue = false;

	var svgDoc = evt.target.ownerDocument;

	var delta;

	if(evt.wheelDelta)
		delta = evt.wheelDelta / 3600; // Chrome/Safari
	else
		delta = evt.detail / -90; // Mozilla

	var z = 1 + delta; // Zoom factor: 0.9/1.1

	var g = getRoot(svgDoc);
	
	var p = getEventPoint(evt);

	p = p.matrixTransform(g.getCTM().inverse());

	// Compute new scale matrix in current mouse position
	var k = root.createSVGMatrix().translate(p.x, p.y).scale(z).translate(-p.x, -p.y);

        setCTM(g, g.getCTM().multiply(k));

	if(typeof(stateTf) == "undefined")
		stateTf = g.getCTM().inverse();

	stateTf = stateTf.multiply(k.inverse());
}

/**
 * Handle mouse move event.
 */
function handleMouseMove(evt) {
	if(evt.preventDefault)
		evt.preventDefault();

	evt.returnValue = false;

	var svgDoc = evt.target.ownerDocument;

	var g = getRoot(svgDoc);

	if(state == 'pan' && enablePan) {
		// Pan mode
		var p = getEventPoint(evt).matrixTransform(stateTf);

		setCTM(g, stateTf.inverse().translate(p.x - stateOrigin.x, p.y - stateOrigin.y));
	} else if(state == 'drag' && enableDrag) {
		// Drag mode
		var p = getEventPoint(evt).matrixTransform(g.getCTM().inverse());

		setCTM(stateTarget, root.createSVGMatrix().translate(p.x - stateOrigin.x, p.y - stateOrigin.y).multiply(g.getCTM().inverse()).multiply(stateTarget.getCTM()));

		stateOrigin = p;
	}
}

/**
 * Handle click event.
 */
function handleMouseDown(evt) {
	if(evt.preventDefault)
		evt.preventDefault();

	evt.returnValue = false;

	var svgDoc = evt.target.ownerDocument;

	var g = getRoot(svgDoc);

	if(
		evt.target.tagName == "svg" 
		|| !enableDrag // Pan anyway when drag is disabled and the user clicked on an element 
	) {
		// Pan mode
		state = 'pan';

		stateTf = g.getCTM().inverse();

		stateOrigin = getEventPoint(evt).matrixTransform(stateTf);
	} else {
		// Drag mode
		state = 'drag';

		stateTarget = evt.target;

		stateTf = g.getCTM().inverse();

		stateOrigin = getEventPoint(evt).matrixTransform(stateTf);
	}
}

/**
 * Handle mouse button release event.
 */
function handleMouseUp(evt) {
	if(evt.preventDefault)
		evt.preventDefault();

	evt.returnValue = false;

	var svgDoc = evt.target.ownerDocument;

	if(state == 'pan' || state == 'drag') {
		// Quit pan mode
		state = '';
	}
}

// ]]></script>
<g id="viewport" class="graph" transform="scale(1 1) rotate(0) translate(4 186)">
<title>Leak_DefinitelyLost</title>
<polygon style="fill:white;stroke:white;" points="-4,4 -4,-186 4344,-186 4344,4 -4,4"/>
<!-- &lt;undefined 2&gt; -->
<g id="node1" class="node"><title>&lt;undefined 2&gt;</title>
<ellipse style="fill:none;stroke:black;" cx="610" cy="-72" rx="84.7756" ry="18"/>
<text text-anchor="middle" x="610" y="-67.9" style="font-family:Times New Roman;font-size:14.00;">&lt;undefined 2&gt;</text>
</g>
<!-- &lt;undefined 3&gt; -->
<g id="node3" class="node"><title>&lt;undefined 3&gt;</title>
<ellipse style="fill:none;stroke:black;" cx="1243" cy="-72" rx="84.7756" ry="18"/>
<text text-anchor="middle" x="1243" y="-67.9" style="font-family:Times New Roman;font-size:14.00;">&lt;undefined 3&gt;</text>
</g>
<!-- &lt;undefined 2&gt;&#45;&gt;&lt;undefined 3&gt; -->
<g id="edge2" class="edge"><title>&lt;undefined 2&gt;&#45;&gt;&lt;undefined 3&gt;</title>
<path style="fill:none;stroke:black;" d="M695,-72C813,-72 1025,-72 1148,-72"/>
<polygon style="fill:black;stroke:black;" points="1148,-75.5001 1158,-72 1148,-68.5001 1148,-75.5001"/>
<text text-anchor="middle" x="810" y="-76.9" style="font-family:Times New Roman;font-size:14.00;">41</text>
</g>
<!-- nmap_main(int, char**) -->
<g id="node2" class="node"><title>nmap_main(int, char**)</title>
<ellipse style="fill:none;stroke:black;" cx="2707" cy="-95" rx="123.884" ry="18"/>
<text text-anchor="middle" x="2707" y="-90.9" style="font-family:Times New Roman;font-size:14.00;">nmap_main(int, char**)</text>
</g>
<!-- main -->
<g id="node9" class="node"><title>main</title>
<ellipse style="fill:lightblue;stroke:lightblue;" cx="3091" cy="-95" rx="34.2406" ry="18"/>
<text text-anchor="middle" x="3091" y="-90.9" style="font-family:Times New Roman;font-size:14.00;">main</text>
</g>
<!-- nmap_main(int, char**)&#45;&gt;main -->
<g id="edge46" class="edge"><title>nmap_main(int, char**)&#45;&gt;main</title>
<path style="fill:none;stroke:black;" d="M2832,-95C2906,-95 2994,-95 3046,-95"/>
<polygon style="fill:black;stroke:black;" points="3046,-98.5001 3056,-95 3046,-91.5001 3046,-98.5001"/>
<text text-anchor="middle" x="2864" y="-98.9" style="font-family:Times New Roman;font-size:14.00;">262</text>
</g>
<!-- nmap_mass_rdns(Target**, int) -->
<g id="node7" class="node"><title>nmap_mass_rdns(Target**, int)</title>
<ellipse style="fill:none;stroke:black;" cx="1753" cy="-72" rx="160.018" ry="18"/>
<text text-anchor="middle" x="1753" y="-67.9" style="font-family:Times New Roman;font-size:14.00;">nmap_mass_rdns(Target**, int)</text>
</g>
<!-- &lt;undefined 3&gt;&#45;&gt;nmap_mass_rdns(Target**, int) -->
<g id="edge14" class="edge"><title>&lt;undefined 3&gt;&#45;&gt;nmap_mass_rdns(Target**, int)</title>
<path style="fill:none;stroke:black;" d="M1328,-72C1397,-72 1497,-72 1582,-72"/>
<polygon style="fill:black;stroke:black;" points="1582,-75.5001 1592,-72 1582,-68.5001 1582,-75.5001"/>
<text text-anchor="middle" x="1437" y="-76.9" style="font-family:Times New Roman;font-size:14.00;">41</text>
</g>
<!-- &lt;undefined 10&gt; -->
<g id="node4" class="node"><title>&lt;undefined 10&gt;</title>
<ellipse style="fill:none;stroke:black;" cx="1437" cy="-18" rx="91.0296" ry="18"/>
<text text-anchor="middle" x="1437" y="-13.9" style="font-family:Times New Roman;font-size:14.00;">&lt;undefined 10&gt;</text>
</g>
<!-- &lt;undefined 10&gt;&#45;&gt;nmap_mass_rdns(Target**, int) -->
<g id="edge4" class="edge"><title>&lt;undefined 10&gt;&#45;&gt;nmap_mass_rdns(Target**, int)</title>
<path style="fill:none;stroke:black;" d="M1506,-30C1528,-33 1552,-37 1574,-41 1601,-45 1629,-51 1655,-55"/>
<polygon style="fill:black;stroke:black;" points="1654.51,-58.4708 1665,-57 1655.88,-51.6067 1654.51,-58.4708"/>
<text text-anchor="middle" x="1560" y="-45.9" style="font-family:Times New Roman;font-size:14.00;">186</text>
</g>
<!-- malloc -->
<g id="node5" class="node"><title>malloc</title>
<ellipse style="fill:none;stroke:black;" cx="287" cy="-120" rx="41.1906" ry="18"/>
<text text-anchor="middle" x="287" y="-115.9" style="font-family:Times New Roman;font-size:14.00;">malloc</text>
</g>
<!-- nss_parse_service_list -->
<g id="node6" class="node"><title>nss_parse_service_list</title>
<ellipse style="fill:none;stroke:black;" cx="610" cy="-164" rx="116.045" ry="18"/>
<text text-anchor="middle" x="610" y="-159.9" style="font-family:Times New Roman;font-size:14.00;">nss_parse_service_list</text>
</g>
<!-- malloc&#45;&gt;nss_parse_service_list -->
<g id="edge18" class="edge"><title>malloc&#45;&gt;nss_parse_service_list</title>
<path style="fill:none;stroke:black;" d="M327,-125C372,-132 450,-142 513,-151"/>
<polygon style="fill:black;stroke:black;" points="512.701,-154.488 523,-152 513.398,-147.522 512.701,-154.488"/>
<text text-anchor="middle" x="462" y="-146.9" style="font-family:Times New Roman;font-size:14.00;">160</text>
</g>
<!-- safe_malloc -->
<g id="node12" class="node"><title>safe_malloc</title>
<ellipse style="fill:none;stroke:black;" cx="810" cy="-118" rx="66.0138" ry="18"/>
<text text-anchor="middle" x="810" y="-113.9" style="font-family:Times New Roman;font-size:14.00;">safe_malloc</text>
</g>
<!-- malloc&#45;&gt;safe_malloc -->
<g id="edge48" class="edge"><title>malloc&#45;&gt;safe_malloc</title>
<path style="fill:none;stroke:black;" d="M329,-120C417,-119 621,-119 734,-118"/>
<polygon style="fill:black;stroke:black;" points="734,-121.5 744,-118 734,-114.5 734,-121.5"/>
<text text-anchor="middle" x="462" y="-121.9" style="font-family:Times New Roman;font-size:14.00;">35</text>
</g>
<!-- __nss_database_lookup -->
<g id="node18" class="node"><title>__nss_database_lookup</title>
<ellipse style="fill:none;stroke:black;" cx="1017" cy="-164" rx="121.8" ry="18"/>
<text text-anchor="middle" x="1017" y="-159.9" style="font-family:Times New Roman;font-size:14.00;">__nss_database_lookup</text>
</g>
<!-- nss_parse_service_list&#45;&gt;__nss_database_lookup -->
<g id="edge44" class="edge"><title>nss_parse_service_list&#45;&gt;__nss_database_lookup</title>
<path style="fill:none;stroke:black;" d="M726,-164C775,-164 833,-164 884,-164"/>
<polygon style="fill:black;stroke:black;" points="884,-167.5 894,-164 884,-160.5 884,-167.5"/>
<text text-anchor="middle" x="810" y="-167.9" style="font-family:Times New Roman;font-size:14.00;">160</text>
</g>
<!-- nexthost(HostGroupState*, TargetGroup*, scan_lists.. -->
<g id="node10" class="node"><title>nexthost(HostGroupState*, TargetGroup*, scan_lists..</title>
<ellipse style="fill:none;stroke:black;" cx="2248" cy="-72" rx="269.114" ry="18"/>
<text text-anchor="middle" x="2248" y="-67.9" style="font-family:Times New Roman;font-size:14.00;">nexthost(HostGroupState*, TargetGroup*, scan_lists..</text>
</g>
<!-- nmap_mass_rdns(Target**, int)&#45;&gt;nexthost(HostGroupState*, TargetGroup*, scan_lists.. -->
<g id="edge38" class="edge"><title>nmap_mass_rdns(Target**, int)&#45;&gt;nexthost(HostGroupState*, TargetGroup*, scan_lists..</title>
<path style="fill:none;stroke:black;" d="M1914,-72C1932,-72 1949,-72 1968,-72"/>
<polygon style="fill:black;stroke:black;" points="1968,-75.5001 1978,-72 1968,-68.5001 1968,-75.5001"/>
<text text-anchor="middle" x="1946" y="-76.9" style="font-family:Times New Roman;font-size:14.00;">227</text>
</g>
<!-- getpwuid_r@@GLIBC_2.1.2 -->
<g id="node8" class="node"><title>getpwuid_r@@GLIBC_2.1.2</title>
<ellipse style="fill:none;stroke:black;" cx="2248" cy="-164" rx="145.925" ry="18"/>
<text text-anchor="middle" x="2248" y="-159.9" style="font-family:Times New Roman;font-size:14.00;">getpwuid_r@@GLIBC_2.1.2</text>
</g>
<!-- getpwuid -->
<g id="node16" class="node"><title>getpwuid</title>
<ellipse style="fill:none;stroke:black;" cx="2707" cy="-164" rx="55.7874" ry="18"/>
<text text-anchor="middle" x="2707" y="-159.9" style="font-family:Times New Roman;font-size:14.00;">getpwuid</text>
</g>
<!-- getpwuid_r@@GLIBC_2.1.2&#45;&gt;getpwuid -->
<g id="edge26" class="edge"><title>getpwuid_r@@GLIBC_2.1.2&#45;&gt;getpwuid</title>
<path style="fill:none;stroke:black;" d="M2394,-164C2476,-164 2576,-164 2640,-164"/>
<polygon style="fill:black;stroke:black;" points="2640,-167.5 2650,-164 2640,-160.5 2640,-167.5"/>
<text text-anchor="middle" x="2550" y="-167.9" style="font-family:Times New Roman;font-size:14.00;">160</text>
</g>
<!-- nexthost(HostGroupState*, TargetGroup*, scan_lists..&#45;&gt;nmap_main(int, char**) -->
<g id="edge22" class="edge"><title>nexthost(HostGroupState*, TargetGroup*, scan_lists..&#45;&gt;nmap_main(int, char**)</title>
<path style="fill:none;stroke:black;" d="M2469,-82C2501,-84 2533,-85 2564,-87 2570,-87 2575,-87 2581,-88"/>
<polygon style="fill:black;stroke:black;" points="2581,-91.5001 2591,-88 2581,-84.5001 2581,-91.5001"/>
<text text-anchor="middle" x="2550" y="-90.9" style="font-family:Times New Roman;font-size:14.00;">227</text>
</g>
<!-- ROOT -->
<g id="node11" class="node"><title>ROOT</title>
<ellipse style="fill:none;stroke:black;" cx="40" cy="-94" rx="39.1069" ry="18"/>
<text text-anchor="middle" x="40" y="-89.9" style="font-family:Times New Roman;font-size:14.00;">ROOT</text>
</g>
<!-- ROOT&#45;&gt;malloc -->
<g id="edge50" class="edge"><title>ROOT&#45;&gt;malloc</title>
<path style="fill:none;stroke:black;" d="M79,-98C121,-103 190,-110 237,-115"/>
<polygon style="fill:black;stroke:black;" points="236.701,-118.488 247,-116 237.398,-111.522 236.701,-118.488"/>
<text text-anchor="middle" x="112" y="-104.9" style="font-family:Times New Roman;font-size:14.00;">195</text>
</g>
<!-- operator new(unsigned int) -->
<g id="node15" class="node"><title>operator new(unsigned int)</title>
<ellipse style="fill:none;stroke:black;" cx="287" cy="-66" rx="143.146" ry="18"/>
<text text-anchor="middle" x="287" y="-61.9" style="font-family:Times New Roman;font-size:14.00;">operator new(unsigned int)</text>
</g>
<!-- ROOT&#45;&gt;operator new(unsigned int) -->
<g id="edge36" class="edge"><title>ROOT&#45;&gt;operator new(unsigned int)</title>
<path style="fill:none;stroke:black;" d="M73,-84C81,-82 90,-80 98,-78 112,-76 126,-74 141,-73"/>
<polygon style="fill:black;stroke:black;" points="141.398,-76.4778 151,-72 140.701,-69.5125 141.398,-76.4778"/>
<text text-anchor="middle" x="112" y="-84.9" style="font-family:Times New Roman;font-size:14.00;">227</text>
</g>
<!-- safe_malloc&#45;&gt;nmap_main(int, char**) -->
<g id="edge12" class="edge"><title>safe_malloc&#45;&gt;nmap_main(int, char**)</title>
<path style="fill:none;stroke:black;" d="M876,-118C961,-118 1113,-118 1243,-118 1243,-118 1243,-118 2248,-118 2364,-118 2495,-111 2587,-105"/>
<polygon style="fill:black;stroke:black;" points="2587.4,-108.478 2597,-104 2586.7,-101.512 2587.4,-108.478"/>
<text text-anchor="middle" x="1560" y="-121.9" style="font-family:Times New Roman;font-size:14.00;">35</text>
</g>
<!-- nmap_fetchfile(char*, int, char const*) -->
<g id="node13" class="node"><title>nmap_fetchfile(char*, int, char const*)</title>
<ellipse style="fill:none;stroke:black;" cx="3091" cy="-164" rx="194.067" ry="18"/>
<text text-anchor="middle" x="3091" y="-159.9" style="font-family:Times New Roman;font-size:14.00;">nmap_fetchfile(char*, int, char const*)</text>
</g>
<!-- NmapOps::Initialize() -->
<g id="node21" class="node"><title>NmapOps::Initialize()</title>
<ellipse style="fill:none;stroke:black;" cx="3462" cy="-164" rx="111.876" ry="18"/>
<text text-anchor="middle" x="3462" y="-159.9" style="font-family:Times New Roman;font-size:14.00;">NmapOps::Initialize()</text>
</g>
<!-- nmap_fetchfile(char*, int, char const*)&#45;&gt;NmapOps::Initialize() -->
<g id="edge30" class="edge"><title>nmap_fetchfile(char*, int, char const*)&#45;&gt;NmapOps::Initialize()</title>
<path style="fill:none;stroke:black;" d="M3286,-164C3304,-164 3322,-164 3340,-164"/>
<polygon style="fill:black;stroke:black;" points="3340,-167.5 3350,-164 3340,-160.5 3340,-167.5"/>
<text text-anchor="middle" x="3318" y="-167.9" style="font-family:Times New Roman;font-size:14.00;">160</text>
</g>
<!-- &lt;undefined 6&gt; -->
<g id="node14" class="node"><title>&lt;undefined 6&gt;</title>
<ellipse style="fill:none;stroke:black;" cx="4021" cy="-164" rx="84.7756" ry="18"/>
<text text-anchor="middle" x="4021" y="-159.9" style="font-family:Times New Roman;font-size:14.00;">&lt;undefined 6&gt;</text>
</g>
<!-- &lt;undefined 7&gt; -->
<g id="node23" class="node"><title>&lt;undefined 7&gt;</title>
<ellipse style="fill:lightblue;stroke:lightblue;" cx="4255" cy="-164" rx="84.7756" ry="18"/>
<text text-anchor="middle" x="4255" y="-159.9" style="font-family:Times New Roman;font-size:14.00;">&lt;undefined 7&gt;</text>
</g>
<!-- &lt;undefined 6&gt;&#45;&gt;&lt;undefined 7&gt; -->
<g id="edge10" class="edge"><title>&lt;undefined 6&gt;&#45;&gt;&lt;undefined 7&gt;</title>
<path style="fill:none;stroke:black;" d="M4106,-164C4124,-164 4142,-164 4160,-164"/>
<polygon style="fill:black;stroke:black;" points="4160,-167.5 4170,-164 4160,-160.5 4160,-167.5"/>
<text text-anchor="middle" x="4138" y="-167.9" style="font-family:Times New Roman;font-size:14.00;">160</text>
</g>
<!-- operator new(unsigned int)&#45;&gt;&lt;undefined 2&gt; -->
<g id="edge40" class="edge"><title>operator new(unsigned int)&#45;&gt;&lt;undefined 2&gt;</title>
<path style="fill:none;stroke:black;" d="M429,-69C458,-69 488,-70 515,-70"/>
<polygon style="fill:black;stroke:black;" points="515,-73.5001 525,-70 515,-66.5001 515,-73.5001"/>
<text text-anchor="middle" x="462" y="-75.9" style="font-family:Times New Roman;font-size:14.00;">41</text>
</g>
<!-- &lt;undefined 8&gt; -->
<g id="node17" class="node"><title>&lt;undefined 8&gt;</title>
<ellipse style="fill:none;stroke:black;" cx="610" cy="-18" rx="84.7756" ry="18"/>
<text text-anchor="middle" x="610" y="-13.9" style="font-family:Times New Roman;font-size:14.00;">&lt;undefined 8&gt;</text>
</g>
<!-- operator new(unsigned int)&#45;&gt;&lt;undefined 8&gt; -->
<g id="edge32" class="edge"><title>operator new(unsigned int)&#45;&gt;&lt;undefined 8&gt;</title>
<path style="fill:none;stroke:black;" d="M380,-52C427,-45 484,-36 530,-30"/>
<polygon style="fill:black;stroke:black;" points="530.881,-33.3933 540,-28 529.508,-26.5292 530.881,-33.3933"/>
<text text-anchor="middle" x="462" y="-46.9" style="font-family:Times New Roman;font-size:14.00;">186</text>
</g>
<!-- getpwuid&#45;&gt;nmap_fetchfile(char*, int, char const*) -->
<g id="edge20" class="edge"><title>getpwuid&#45;&gt;nmap_fetchfile(char*, int, char const*)</title>
<path style="fill:none;stroke:black;" d="M2764,-164C2797,-164 2841,-164 2886,-164"/>
<polygon style="fill:black;stroke:black;" points="2886,-167.5 2896,-164 2886,-160.5 2886,-167.5"/>
<text text-anchor="middle" x="2864" y="-167.9" style="font-family:Times New Roman;font-size:14.00;">160</text>
</g>
<!-- &lt;undefined 9&gt; -->
<g id="node20" class="node"><title>&lt;undefined 9&gt;</title>
<ellipse style="fill:none;stroke:black;" cx="1017" cy="-18" rx="84.7756" ry="18"/>
<text text-anchor="middle" x="1017" y="-13.9" style="font-family:Times New Roman;font-size:14.00;">&lt;undefined 9&gt;</text>
</g>
<!-- &lt;undefined 8&gt;&#45;&gt;&lt;undefined 9&gt; -->
<g id="edge42" class="edge"><title>&lt;undefined 8&gt;&#45;&gt;&lt;undefined 9&gt;</title>
<path style="fill:none;stroke:black;" d="M695,-18C762,-18 853,-18 922,-18"/>
<polygon style="fill:black;stroke:black;" points="922,-21.5001 932,-18 922,-14.5001 922,-21.5001"/>
<text text-anchor="middle" x="810" y="-22.9" style="font-family:Times New Roman;font-size:14.00;">186</text>
</g>
<!-- &lt;undefined 4&gt; -->
<g id="node24" class="node"><title>&lt;undefined 4&gt;</title>
<ellipse style="fill:none;stroke:black;" cx="1437" cy="-164" rx="84.7756" ry="18"/>
<text text-anchor="middle" x="1437" y="-159.9" style="font-family:Times New Roman;font-size:14.00;">&lt;undefined 4&gt;</text>
</g>
<!-- __nss_database_lookup&#45;&gt;&lt;undefined 4&gt; -->
<g id="edge8" class="edge"><title>__nss_database_lookup&#45;&gt;&lt;undefined 4&gt;</title>
<path style="fill:none;stroke:black;" d="M1140,-164C1204,-164 1282,-164 1342,-164"/>
<polygon style="fill:black;stroke:black;" points="1342,-167.5 1352,-164 1342,-160.5 1342,-167.5"/>
<text text-anchor="middle" x="1243" y="-167.9" style="font-family:Times New Roman;font-size:14.00;">160</text>
</g>
<!-- NmapOps::NmapOps() -->
<g id="node19" class="node"><title>NmapOps::NmapOps()</title>
<ellipse style="fill:none;stroke:black;" cx="3755" cy="-164" rx="116.239" ry="18"/>
<text text-anchor="middle" x="3755" y="-159.9" style="font-family:Times New Roman;font-size:14.00;">NmapOps::NmapOps()</text>
</g>
<!-- NmapOps::NmapOps()&#45;&gt;&lt;undefined 6&gt; -->
<g id="edge6" class="edge"><title>NmapOps::NmapOps()&#45;&gt;&lt;undefined 6&gt;</title>
<path style="fill:none;stroke:black;" d="M3872,-164C3890,-164 3908,-164 3926,-164"/>
<polygon style="fill:black;stroke:black;" points="3926,-167.5 3936,-164 3926,-160.5 3926,-167.5"/>
<text text-anchor="middle" x="3904" y="-167.9" style="font-family:Times New Roman;font-size:14.00;">160</text>
</g>
<!-- &lt;undefined 9&gt;&#45;&gt;&lt;undefined 10&gt; -->
<g id="edge24" class="edge"><title>&lt;undefined 9&gt;&#45;&gt;&lt;undefined 10&gt;</title>
<path style="fill:none;stroke:black;" d="M1102,-18C1170,-18 1264,-18 1336,-18"/>
<polygon style="fill:black;stroke:black;" points="1336,-21.5001 1346,-18 1336,-14.5001 1336,-21.5001"/>
<text text-anchor="middle" x="1243" y="-22.9" style="font-family:Times New Roman;font-size:14.00;">186</text>
</g>
<!-- NmapOps::Initialize()&#45;&gt;NmapOps::NmapOps() -->
<g id="edge16" class="edge"><title>NmapOps::Initialize()&#45;&gt;NmapOps::NmapOps()</title>
<path style="fill:none;stroke:black;" d="M3574,-164C3592,-164 3610,-164 3628,-164"/>
<polygon style="fill:black;stroke:black;" points="3628,-167.5 3638,-164 3628,-160.5 3628,-167.5"/>
<text text-anchor="middle" x="3606" y="-167.9" style="font-family:Times New Roman;font-size:14.00;">160</text>
</g>
<!-- &lt;undefined 5&gt; -->
<g id="node22" class="node"><title>&lt;undefined 5&gt;</title>
<ellipse style="fill:none;stroke:black;" cx="1753" cy="-164" rx="84.7756" ry="18"/>
<text text-anchor="middle" x="1753" y="-159.9" style="font-family:Times New Roman;font-size:14.00;">&lt;undefined 5&gt;</text>
</g>
<!-- &lt;undefined 5&gt;&#45;&gt;getpwuid_r@@GLIBC_2.1.2 -->
<g id="edge28" class="edge"><title>&lt;undefined 5&gt;&#45;&gt;getpwuid_r@@GLIBC_2.1.2</title>
<path style="fill:none;stroke:black;" d="M1838,-164C1908,-164 2008,-164 2092,-164"/>
<polygon style="fill:black;stroke:black;" points="2092,-167.5 2102,-164 2092,-160.5 2092,-167.5"/>
<text text-anchor="middle" x="1946" y="-167.9" style="font-family:Times New Roman;font-size:14.00;">160</text>
</g>
<!-- &lt;undefined 4&gt;&#45;&gt;&lt;undefined 5&gt; -->
<g id="edge34" class="edge"><title>&lt;undefined 4&gt;&#45;&gt;&lt;undefined 5&gt;</title>
<path style="fill:none;stroke:black;" d="M1522,-164C1564,-164 1615,-164 1658,-164"/>
<polygon style="fill:black;stroke:black;" points="1658,-167.5 1668,-164 1658,-160.5 1658,-167.5"/>
<text text-anchor="middle" x="1560" y="-167.9" style="font-family:Times New Roman;font-size:14.00;">160</text>
</g>
</g>
</svg>
