digraph Leak_DefinitelyLost {
rankdir=LR
"<undefined 2>"
"nmap_main(int, char**)"
"<undefined 3>"
"<undefined 10>"
"nmap_mass_rdns(Target**, int)"
"main" [color=lightblue, style=filled]
"getpwuid\ngetXXbyYY.c:117"
"__nss_database_lookup\nnsswitch.c:167"
"getpwuid_r@@GLIBC_2.1.2\ngetXXbyYY_r.c:256"
"nexthost(HostGroupState*, TargetGroup*, scan_lists.."
"ROOT"
"safe_malloc"
"nmap_fetchfile(char*, int, char const*)"
"<undefined 6>"
"malloc\nvg_replace_malloc.c:236"
"<undefined 8>"
"NmapOps::NmapOps()"
"<undefined 9>"
"NmapOps::Initialize()"
"nss_parse_service_list\nnsswitch.c:626"
"<undefined 5>"
"operator new(unsigned int)\nvg_replace_malloc.c:255"
"<undefined 7>" [color=lightblue, style=filled]
"<undefined 4>"
"<undefined 2>" -> "<undefined 3>" [label=41]
"malloc\nvg_replace_malloc.c:236" -> "safe_malloc" [label=35]
"<undefined 10>" -> "nmap_mass_rdns(Target**, int)" [label=186]
"NmapOps::NmapOps()" -> "<undefined 6>" [label=160]
"operator new(unsigned int)\nvg_replace_malloc.c:255" -> "<undefined 8>" [label=186]
"getpwuid_r@@GLIBC_2.1.2\ngetXXbyYY_r.c:256" -> "getpwuid\ngetXXbyYY.c:117" [label=160]
"<undefined 6>" -> "<undefined 7>" [label=160]
"safe_malloc" -> "nmap_main(int, char**)" [label=35]
"<undefined 3>" -> "nmap_mass_rdns(Target**, int)" [label=41]
"NmapOps::Initialize()" -> "NmapOps::NmapOps()" [label=160]
"nmap_fetchfile(char*, int, char const*)" -> "NmapOps::Initialize()" [label=160]
ROOT -> "malloc\nvg_replace_malloc.c:236" [label=195]
"nexthost(HostGroupState*, TargetGroup*, scan_lists.." -> "nmap_main(int, char**)" [label=227]
"operator new(unsigned int)\nvg_replace_malloc.c:255" -> "<undefined 2>" [label=41]
"<undefined 9>" -> "<undefined 10>" [label=186]
"nss_parse_service_list\nnsswitch.c:626" -> "__nss_database_lookup\nnsswitch.c:167" [label=160]
ROOT -> "operator new(unsigned int)\nvg_replace_malloc.c:255" [label=227]
"<undefined 4>" -> "<undefined 5>" [label=160]
"nmap_mass_rdns(Target**, int)" -> "nexthost(HostGroupState*, TargetGroup*, scan_lists.." [label=227]
"<undefined 8>" -> "<undefined 9>" [label=186]
"malloc\nvg_replace_malloc.c:236" -> "nss_parse_service_list\nnsswitch.c:626" [label=160]
"getpwuid\ngetXXbyYY.c:117" -> "nmap_fetchfile(char*, int, char const*)" [label=160]
"<undefined 5>" -> "getpwuid_r@@GLIBC_2.1.2\ngetXXbyYY_r.c:256" [label=160]
"__nss_database_lookup\nnsswitch.c:167" -> "<undefined 4>" [label=160]
"nmap_main(int, char**)" -> "main" [label=262]
}
